// Jest Snapshot v1, https://goo.gl/fbAQLP

exports[`home page protected route component matches snapshot 1`] = `
<DocumentFragment>
  <div
    class="root"
  >
    <div>
      Protected Route
    </div>
    <div>
      username: 
    </div>
    <button
      class="usa-button"
    >
      Logout
    </button>
  </div>
</DocumentFragment>
`;
