// Jest Snapshot v1, https://goo.gl/fbAQLP

exports[`HomePage componenet matches snapshot 1`] = `
<DocumentFragment>
  <div
    class="root"
  >
    <h1
      class="title"
    >
      SOLO Home Page
    </h1>
    <div
      class="root"
    >
      <button
        class="usa-button usa-button--big"
      >
        API Test
      </button>
    </div>
    <div />
  </div>
</DocumentFragment>
`;
