// Jest Snapshot v1, https://goo.gl/fbAQLP

exports[`EnterReceiptPage Component matches snapshot 1`] = `
<DocumentFragment>
  <div
    class="tablet:margin-x-8 overflow-x-auto"
  >
    <h1
      class="usa-prose"
    >
      Enter Receipt
    </h1>
    <div
      class="grid-row flex-justify-center flex-12 tablet:flex-10"
    />
    <table
      class="usa-table grid-col-12 usa-table--borderless tableBorders"
      role="table"
    >
      <thead>
        <tr
          role="row"
        >
          <th
            colspan="1"
            role="columnheader"
          >
            <div
              class="display-flex flex-justify flex-align-center flex-no-wrap text-no-wrap"
            >
              <svg
                aria-hidden="true"
                class="svg-inline--fa fa-chevron-up fa-w-14 margin-left-05"
                data-icon="chevron-up"
                data-prefix="fas"
                focusable="false"
                role="img"
                style="visibility: hidden;"
                viewBox="0 0 448 512"
                xmlns="http://www.w3.org/2000/svg"
              >
                <path
                  d="M240.971 130.524l194.343 194.343c9.373 9.373 9.373 24.569 0 33.941l-22.667 22.667c-9.357 9.357-24.522 9.375-33.901.04L224 227.495 69.255 381.516c-9.379 9.335-24.544 9.317-33.901-.04l-22.667-22.667c-9.373-9.373-9.373-24.569 0-33.941L207.03 130.525c9.372-9.373 24.568-9.373 33.941-.001z"
                  fill="currentColor"
                />
              </svg>
            </div>
          </th>
          <th
            colspan="1"
            role="columnheader"
          >
            <div
              class="display-flex flex-justify flex-align-center flex-no-wrap text-no-wrap"
            >
              <div
                class="width-full text-center"
              >
                Loading
              </div>
            </div>
          </th>
          <th
            colspan="1"
            role="columnheader"
            style="cursor: pointer;"
            title="Toggle SortBy"
          >
            <div
              class="display-flex flex-justify flex-align-center flex-no-wrap text-no-wrap"
            >
              SDN
              <svg
                aria-hidden="true"
                class="svg-inline--fa fa-chevron-up fa-w-14 margin-left-05"
                data-icon="chevron-up"
                data-prefix="fas"
                focusable="false"
                role="img"
                style="visibility: hidden;"
                viewBox="0 0 448 512"
                xmlns="http://www.w3.org/2000/svg"
              >
                <path
                  d="M240.971 130.524l194.343 194.343c9.373 9.373 9.373 24.569 0 33.941l-22.667 22.667c-9.357 9.357-24.522 9.375-33.901.04L224 227.495 69.255 381.516c-9.379 9.335-24.544 9.317-33.901-.04l-22.667-22.667c-9.373-9.373-9.373-24.569 0-33.941L207.03 130.525c9.372-9.373 24.568-9.373 33.941-.001z"
                  fill="currentColor"
                />
              </svg>
            </div>
          </th>
          <th
            colspan="1"
            role="columnheader"
            style="cursor: pointer;"
            title="Toggle SortBy"
          >
            <div
              class="display-flex flex-justify flex-align-center flex-no-wrap text-no-wrap"
            >
              NIIN
              <svg
                aria-hidden="true"
                class="svg-inline--fa fa-chevron-up fa-w-14 margin-left-05"
                data-icon="chevron-up"
                data-prefix="fas"
                focusable="false"
                role="img"
                style="visibility: hidden;"
                viewBox="0 0 448 512"
                xmlns="http://www.w3.org/2000/svg"
              >
                <path
                  d="M240.971 130.524l194.343 194.343c9.373 9.373 9.373 24.569 0 33.941l-22.667 22.667c-9.357 9.357-24.522 9.375-33.901.04L224 227.495 69.255 381.516c-9.379 9.335-24.544 9.317-33.901-.04l-22.667-22.667c-9.373-9.373-9.373-24.569 0-33.941L207.03 130.525c9.372-9.373 24.568-9.373 33.941-.001z"
                  fill="currentColor"
                />
              </svg>
            </div>
          </th>
          <th
            colspan="1"
            role="columnheader"
            style="cursor: pointer;"
            title="Toggle SortBy"
          >
            <div
              class="display-flex flex-justify flex-align-center flex-no-wrap text-no-wrap"
            >
              Nomenclature
              <svg
                aria-hidden="true"
                class="svg-inline--fa fa-chevron-up fa-w-14 margin-left-05"
                data-icon="chevron-up"
                data-prefix="fas"
                focusable="false"
                role="img"
                style="visibility: hidden;"
                viewBox="0 0 448 512"
                xmlns="http://www.w3.org/2000/svg"
              >
                <path
                  d="M240.971 130.524l194.343 194.343c9.373 9.373 9.373 24.569 0 33.941l-22.667 22.667c-9.357 9.357-24.522 9.375-33.901.04L224 227.495 69.255 381.516c-9.379 9.335-24.544 9.317-33.901-.04l-22.667-22.667c-9.373-9.373-9.373-24.569 0-33.941L207.03 130.525c9.372-9.373 24.568-9.373 33.941-.001z"
                  fill="currentColor"
                />
              </svg>
            </div>
          </th>
          <th
            colspan="1"
            role="columnheader"
            style="cursor: pointer;"
            title="Toggle SortBy"
          >
            <div
              class="display-flex flex-justify flex-align-center flex-no-wrap text-no-wrap"
            >
              Quantity
              <svg
                aria-hidden="true"
                class="svg-inline--fa fa-chevron-up fa-w-14 margin-left-05"
                data-icon="chevron-up"
                data-prefix="fas"
                focusable="false"
                role="img"
                style="visibility: hidden;"
                viewBox="0 0 448 512"
                xmlns="http://www.w3.org/2000/svg"
              >
                <path
                  d="M240.971 130.524l194.343 194.343c9.373 9.373 9.373 24.569 0 33.941l-22.667 22.667c-9.357 9.357-24.522 9.375-33.901.04L224 227.495 69.255 381.516c-9.379 9.335-24.544 9.317-33.901-.04l-22.667-22.667c-9.373-9.373-9.373-24.569 0-33.941L207.03 130.525c9.372-9.373 24.568-9.373 33.941-.001z"
                  fill="currentColor"
                />
              </svg>
            </div>
          </th>
          <th
            colspan="1"
            role="columnheader"
            style="cursor: pointer;"
            title="Toggle SortBy"
          >
            <div
              class="display-flex flex-justify flex-align-center flex-no-wrap text-no-wrap"
            >
              Commodity
              <svg
                aria-hidden="true"
                class="svg-inline--fa fa-chevron-up fa-w-14 margin-left-05"
                data-icon="chevron-up"
                data-prefix="fas"
                focusable="false"
                role="img"
                style="visibility: hidden;"
                viewBox="0 0 448 512"
                xmlns="http://www.w3.org/2000/svg"
              >
                <path
                  d="M240.971 130.524l194.343 194.343c9.373 9.373 9.373 24.569 0 33.941l-22.667 22.667c-9.357 9.357-24.522 9.375-33.901.04L224 227.495 69.255 381.516c-9.379 9.335-24.544 9.317-33.901-.04l-22.667-22.667c-9.373-9.373-9.373-24.569 0-33.941L207.03 130.525c9.372-9.373 24.568-9.373 33.941-.001z"
                  fill="currentColor"
                />
              </svg>
            </div>
          </th>
          <th
            colspan="1"
            role="columnheader"
            style="cursor: pointer;"
            title="Toggle SortBy"
          >
            <div
              class="display-flex flex-justify flex-align-center flex-no-wrap text-no-wrap"
            >
              Subinventory
              <svg
                aria-hidden="true"
                class="svg-inline--fa fa-chevron-up fa-w-14 margin-left-05"
                data-icon="chevron-up"
                data-prefix="fas"
                focusable="false"
                role="img"
                style="visibility: hidden;"
                viewBox="0 0 448 512"
                xmlns="http://www.w3.org/2000/svg"
              >
                <path
                  d="M240.971 130.524l194.343 194.343c9.373 9.373 9.373 24.569 0 33.941l-22.667 22.667c-9.357 9.357-24.522 9.375-33.901.04L224 227.495 69.255 381.516c-9.379 9.335-24.544 9.317-33.901-.04l-22.667-22.667c-9.373-9.373-9.373-24.569 0-33.941L207.03 130.525c9.372-9.373 24.568-9.373 33.941-.001z"
                  fill="currentColor"
                />
              </svg>
            </div>
          </th>
          <th
            colspan="1"
            role="columnheader"
            style="cursor: pointer;"
            title="Toggle SortBy"
          >
            <div
              class="display-flex flex-justify flex-align-center flex-no-wrap text-no-wrap"
            >
              Locator
              <svg
                aria-hidden="true"
                class="svg-inline--fa fa-chevron-up fa-w-14 margin-left-05"
                data-icon="chevron-up"
                data-prefix="fas"
                focusable="false"
                role="img"
                style="visibility: hidden;"
                viewBox="0 0 448 512"
                xmlns="http://www.w3.org/2000/svg"
              >
                <path
                  d="M240.971 130.524l194.343 194.343c9.373 9.373 9.373 24.569 0 33.941l-22.667 22.667c-9.357 9.357-24.522 9.375-33.901.04L224 227.495 69.255 381.516c-9.379 9.335-24.544 9.317-33.901-.04l-22.667-22.667c-9.373-9.373-9.373-24.569 0-33.941L207.03 130.525c9.372-9.373 24.568-9.373 33.941-.001z"
                  fill="currentColor"
                />
              </svg>
            </div>
          </th>
        </tr>
      </thead>
      <tbody
        role="rowgroup"
      >
        <tr
          role="row"
        >
          <td
            class="td"
            role="cell"
          >
            <button
              class="usa-button usa-button--unstyled"
            >
              <svg
                aria-hidden="true"
                class="svg-inline--fa fa-times fa-w-11 "
                data-icon="times"
                data-prefix="fas"
                focusable="false"
                role="img"
                viewBox="0 0 352 512"
                xmlns="http://www.w3.org/2000/svg"
              >
                <path
                  d="M242.72 256l100.07-100.07c12.28-12.28 12.28-32.19 0-44.48l-22.24-22.24c-12.28-12.28-32.19-12.28-44.48 0L176 189.28 75.93 89.21c-12.28-12.28-32.19-12.28-44.48 0L9.21 111.45c-12.28 12.28-12.28 32.19 0 44.48L109.28 256 9.21 356.07c-12.28 12.28-12.28 32.19 0 44.48l22.24 22.24c12.28 12.28 32.2 12.28 44.48 0L176 322.72l100.07 100.07c12.28 12.28 32.2 12.28 44.48 0l22.24-22.24c12.28-12.28 12.28-32.19 0-44.48L242.72 256z"
                  fill="currentColor"
                />
              </svg>
            </button>
          </td>
          <td
            class="td"
            role="cell"
          >
            <div
              class="text-center"
            >
              <span>
                <svg
                  aria-hidden="true"
                  class="svg-inline--fa fa-check fa-w-16 "
                  data-icon="check"
                  data-prefix="fas"
                  focusable="false"
                  role="img"
                  viewBox="0 0 512 512"
                  xmlns="http://www.w3.org/2000/svg"
                >
                  <path
                    d="M173.898 439.404l-166.4-166.4c-9.997-9.997-9.997-26.206 0-36.204l36.203-36.204c9.997-9.998 26.207-9.998 36.204 0L192 312.69 432.095 72.596c9.997-9.997 26.207-9.997 36.204 0l36.203 36.204c9.997 9.997 9.997 26.206 0 36.204l-294.4 294.401c-9.998 9.997-26.207 9.997-36.204-.001z"
                    fill="currentColor"
                  />
                </svg>
              </span>
            </div>
          </td>
          <td
            class="td"
            role="cell"
          >
            M3030012341234
          </td>
          <td
            class="td"
            role="cell"
          >
            5430015061999
          </td>
          <td
            class="td"
            role="cell"
          >
            TANK,LIQUID STORAGE
          </td>
          <td
            class="td"
            role="cell"
          >
            <div
              class="maxw-8"
            >
              <input
                class="usa-input noMargin noOutline"
                placeholder="Quantity"
                value="2"
              />
            </div>
          </td>
          <td
            class="td"
            role="cell"
          >
            YMTM
          </td>
          <td
            class="td"
            role="cell"
          >
            <select
              class="usa-select noMargin noOutline"
              placeholder="Subinventory"
            >
              <option
                value="MTM_STGE"
              >
                MTM_STGE
              </option>
              <option
                value="MTM_LAY"
              >
                MTM_LAY
              </option>
              <option
                value="MTM_PEB"
              >
                MTM_PEB
              </option>
            </select>
          </td>
          <td
            class="td"
            role="cell"
          >
            <select
              class="usa-select noMargin noOutline"
              placeholder="Locator"
            >
              <option
                value="M1234AA"
              >
                M1234AA
              </option>
              <option
                value="M1235A"
              >
                M1235A
              </option>
              <option
                value="M1236"
              >
                M1236
              </option>
            </select>
          </td>
        </tr>
      </tbody>
    </table>
    <div
      class="margin-bottom-1em overflow-hidden"
    />
    <div
      class="grid-row flex-align-start flex-justify margin-bottom-1em"
    >
      <form
        class="display-flex flex-row flex-justify-start flex-align-center flex-no-wrap flex-auto margin-1"
      >
        <input
          class="usa-input noMargin noOutline"
          placeholder="SDN"
          value=""
        />
        <button
          class="usa-button square"
          type="submit"
        >
          <svg
            aria-hidden="true"
            class="svg-inline--fa fa-search fa-w-16 "
            data-icon="search"
            data-prefix="fas"
            focusable="false"
            role="img"
            viewBox="0 0 512 512"
            xmlns="http://www.w3.org/2000/svg"
          >
            <path
              d="M505 442.7L405.3 343c-4.5-4.5-10.6-7-17-7H372c27.6-35.3 44-79.7 44-128C416 93.1 322.9 0 208 0S0 93.1 0 208s93.1 208 208 208c48.3 0 92.7-16.4 128-44v16.3c0 6.4 2.5 12.5 7 17l99.7 99.7c9.4 9.4 24.6 9.4 33.9 0l28.3-28.3c9.4-9.4 9.4-24.6.1-34zM208 336c-70.7 0-128-57.2-128-128 0-70.7 57.2-128 128-128 70.7 0 128 57.2 128 128 0 70.7-57.2 128-128 128z"
              fill="currentColor"
            />
          </svg>
        </button>
      </form>
      <button
        class="usa-button margin-top-1"
      >
        Submit All
      </button>
    </div>
  </div>
</DocumentFragment>
`;
