// Jest Snapshot v1, https://goo.gl/fbAQLP

exports[`EnterReceiptPageStatusIndicator component does not render while loading 1`] = `
<DocumentFragment>
  <div
    class="grid-row flex-justify-center flex-12 margin-top-4 tablet:flex-10"
  />
</DocumentFragment>
`;

exports[`EnterReceiptPageStatusIndicator component renders error alert when status is error 1`] = `
<DocumentFragment>
  <div
    class="grid-row flex-justify-center flex-12 margin-top-4 tablet:flex-10"
  />
</DocumentFragment>
`;

exports[`EnterReceiptPageStatusIndicator component renders success alert when status is success 1`] = `
<DocumentFragment>
  <div
    class="grid-row flex-justify-center flex-12 margin-top-4 tablet:flex-10"
  />
</DocumentFragment>
`;
