// Jest Snapshot v1, https://goo.gl/fbAQLP

exports[`Navbar component matches snapshot 1`] = `
<DocumentFragment>
  <header
    class="usa-header usa-header--basic"
  >
    <div
      class="usa-nav-container navContainer"
    >
      <div
        class="usa-navbar"
      >
        <div
          class="usa-logo logoHeader"
        >
          <em
            class="usa-logo__text"
          >
            <a
              aria-current="page"
              class="active"
              href="/"
            >
              <img
                alt="SOLO"
                class="logoImg"
                src="solo.png"
              />
            </a>
          </em>
        </div>
        <button
          class="usa-menu-btn"
        >
          Menu
        </button>
      </div>
      <nav
        aria-label="Primary navigation"
        class="usa-nav"
      >
        <ul
          class="usa-nav__primary usa-accordion"
        >
          <button
            class="usa-nav__close"
          >
            <img
              alt="close"
              src="close.svg"
            />
          </button>
        </ul>
      </nav>
    </div>
  </header>
</DocumentFragment>
`;
