// Jest Snapshot v1, https://goo.gl/fbAQLP

exports[`Navbar component matches snapshot 1`] = `
<DocumentFragment>
  <header
    class="usa-header usa-header--basic"
  >
    <div
      class="usa-nav-container"
    >
      <div
        class="usa-navbar"
      >
        <div
          class="usa-logo"
        >
          <em
            class="usa-logo__text"
          >
            <a
              aria-current="page"
              class="active"
              href="/"
            >
              SOLO
            </a>
          </em>
        </div>
        <button
          class="usa-menu-btn"
        >
          Menu
        </button>
      </div>
      <nav
        aria-label="Primary navigation"
        class="usa-nav"
      >
        <ul
          class="usa-nav__primary usa-accordion"
        >
          <button
            class="usa-nav__close"
          >
            <img
              alt="close"
              src="close.svg"
            />
          </button>
          <li
            class="usa-nav__primary-item"
          >
            <a
              class="usa-nav__link"
              href="/about"
            >
              <span>
                About
              </span>
            </a>
          </li>
        </ul>
      </nav>
    </div>
  </header>
</DocumentFragment>
`;
