// Jest Snapshot v1, https://goo.gl/fbAQLP

exports[`ConfirmationOfReceiptPage Component matches snapshot 1`] = `
<DocumentFragment>
  <div
    class="tablet:margin-x-8 overflow-x-auto"
  >
    <h1
      class="usa-prose"
    >
      Confirmation of Receipt
    </h1>
  </div>
</DocumentFragment>
`;
