// Jest Snapshot v1, https://goo.gl/fbAQLP

exports[`Official site banner component matches snapshot 1`] = `
<DocumentFragment>
  <div
    class="usa-banner"
  >
    <header
      class="usa-banner__header"
    >
      <div
        class="usa-banner__inner"
      >
        <div
          class="grid-col-auto"
        >
          <img
            alt="U.S. flag"
            class="usa-banner__header-flag"
            src="us_flag_small.png"
          />
        </div>
        <div
          class="grid-col-fill tablet:grid-col-auto"
        >
          <p
            class="usa-banner__header-text"
          >
            An official website of the United States government
          </p>
        </div>
        <button
          aria-controls="gov-banner"
          aria-expanded="false"
          class="usa-accordion__button usa-banner__button"
        >
          <span
            class="usa-banner__button-text"
          >
            Here's how you know
          </span>
        </button>
      </div>
    </header>
  </div>
</DocumentFragment>
`;
